

exports[`App renders correctly 1`] = `
Array [
  <header
    className="app-bar"
  >
    <h1
      className="app-title"
    >
      Math Magicians
    </h1>
    <nav
      className="nav"
    >
      <ul
        className="nav-links"
      >
        <li>
          <a
            aria-current="page"
            className="active"
            href="#/"
            onClick={[Function]}
            style={Object {}}
          >
            Home
          </a>
        </li>
        <li>
          <a
            aria-current={null}
            href="#/calculator"
            onClick={[Function]}
          >
            Calculator
          </a>
        </li>
        <li>
          <a
            aria-current={null}
            href="#/quote"
            onClick={[Function]}
          >
            Quote
          </a>
        </li>
      </ul>
    </nav>
  </header>,
  <div
    className="container"
  >
    <section
      className="home"
    >
      <h2
        className="section-title"
      >
        Welcome to our page!
      </h2>
      <p
        className="content"
      >
        Lorem ipsum dolor sit amet, consectetur adipiscing elit. 
Suspendisse at enim viverra, volutpat velit vitae, pretium sem. 
Nullam laoreet dui eget tellus aliquam, a semper est dignissim. 
Quisque iaculis enim malesuada lacus bibendum pulvinar. 
Phasellus quis tortor in dui placerat aliquam. a semper est dignissim. 
Quisque iaculis enim malesuada lacus bibendum pulvinar. 
Phasellus quis tortor in dui placerat aliquam.

      </p>
      <p
        className="content"
      >
        Lorem ipsum dolor sit amet, consectetur adipiscing elit. 
Suspendisse at enim viverra, volutpat velit vitae, pretium sem. 
Nullam laoreet dui eget tellus aliquam, a semper est dignissim. 
Quisque iaculis enim malesuada lacus bibendum pulvinar. 
Phasellus quis tortor in dui placerat aliquam. a semper est dignissim. 
Quisque iaculis enim malesuada lacus bibendum pulvinar. 
Phasellus quis tortor in dui placerat aliquam.

      </p>
    </section>
  </div>,
]
`;
